>1042139-140-141-142_A04_TIGR_WGACA01T1F15058_1042140_1122243671925_016_1122232824624 Trace of J:\Environmental_Genomics\Lasken lab\Lasken Lab DNA Sequencing Log\03-29-10 Sequencing Results - Fecal Combo sort\TraceFiles-20100329131835\1042139-140-141-142_A04_TIGR_WGACA01T1F15058_1042140_1122243671925_016_1122232824624.scf; length: 485; low quality 95; medium quality 145; high quality 245
ACTGCTAATACCGCATATGCCATGAACATCGCATGATGAAAATGGGAAAGGAGCAATCCG
CTAATAGATGAGCTTGCGTCTGATTAACTAGTTGGTGTGGTAATGGCATACCAAGGTAAC
GATCAGTAGCCGGACTGAGAGGTTGAACGGCCACATTGGGACTGAGATACGGCCCAGACT
CCTACGGGAGGCAGCAGTCGGGAATATTGCGCAATGGAGGAAACTCTGACGCAGTGACGC
CGCGTATAGGATGAAGGTTTTCGGATTGTAAACTATTGTCATTAGGGAAGATAAAAGACA
GTACCTAAGGAGGAAGC
